../Core/Src/main.c:68:6:__io_putchar	16	static
../Core/Src/main.c:82:5:main	32	static
../Core/Src/main.c:154:6:SystemClock_Config	96	static
../Core/Src/main.c:199:13:MX_ADC1_Init	48	static
../Core/Src/main.c:278:13:MX_ADC2_Init	32	static
../Core/Src/main.c:332:13:MX_TIM1_Init	112	static
../Core/Src/main.c:407:13:MX_TIM2_Init	40	static
../Core/Src/main.c:449:13:MX_USART1_UART_Init	8	static
../Core/Src/main.c:482:13:MX_USART2_UART_Init	8	static
../Core/Src/main.c:515:13:MX_GPIO_Init	40	static
../Core/Src/main.c:546:6:Error_Handler	4	static,ignoring_inline_asm
